8
-7
1 1 0 0 0
0 0 0 0 0
400 200 100
300 500
10
20
120
12