12
7
_51
24
5
19683
1
_10
5
0 1 2 3 4
4
1
0
1
0
1
0
11 22 33
20 40 60
6 7 8
2 4 6 8
1 4 9 16
0 0 0
1 1 1
0 0
4 27 4
10
24
5
4
1 2 3 4 5
10 30
20 40
100 400 900
3 6 9
5
