1 2 3 4 5
10 20 30 40 50
15 25 35 45 55
20 40 60 80 100
11 22 33 44 55
10 20 30 40 50 1 2 3 4 5
5
0 1 2 3 4 5 6 7 8 9
10 30 50
30 10 50 20
150
120
20
0